// Jest Snapshot v1, https://goo.gl/fbAQLP

exports[`App is a valid component 1`] = `
<div>
  <nav>
    <ul>
      <li><a href="#/login" class="router-link">Login</a></li>
      <li><a href="#/blogs" class="router-link">List Blogs</a></li>
      <li><a href="#/blogs/new" class="router-link">Create Blog</a></li>
    </ul>
  </nav>
  <!---->
</div>
`;
