// Jest Snapshot v1, https://goo.gl/fbAQLP

exports[`UserHeader is a valid component 1`] = `
<div>
  <p>not registred</p> <button>Login</button>
</div>
`;
